// Jest Snapshot v1, https://goo.gl/fbAQLP

exports[`changes the class when hovered 1`] = `
Array [
  <video
    autoPlay={true}
    muted={false}
    playsInline={true}
    style={Object {}}
  />,
  <button
    onClick={[Function]}
  >
    Start Capture
  </button>,
]
`;
